
========================================
CONTAINER MONITOR STARTED
========================================


==============================
DOCKER SYSTEM STATUS
==============================
Server Version: 29.6.1
Running Containers: 2
Paused Containers: 0
Stopped Containers: 0
==============================

====================================================
[2026-07-22 17:23:55] 	[Containers -a]
====================================================
test2
 state:  running
 last_alert: 2026-07-22 17:23:55
 Host: ildaboun
test1
 state:  running
 last_alert: 2026-07-22 17:23:55
 Host: ildaboun

==============================
DOCKER SYSTEM STATUS
==============================
Server Version: 29.6.1
Running Containers: 2
Paused Containers: 0
Stopped Containers: 0
==============================

====================================================
[2026-07-22 17:24:00] 	[Containers -a]
====================================================
test2
 state:  running
 last_alert: 2026-07-22 17:24:00
 Host: ildaboun
test1
 state:  running
 last_alert: 2026-07-22 17:24:00
 Host: ildaboun

========================================
CONTAINER MONITOR STARTED
========================================


========================================
CONTAINER MONITOR STARTED
========================================


==============================
DOCKER SYSTEM STATUS
==============================
Server Version: 29.6.1
Running Containers: 2
Paused Containers: 0
Stopped Containers: 0
==============================

====================================================
[2026-07-24 16:06:32] 	[Containers -a]
====================================================
test2
 state:  running
 last_alert: 2026-07-24 16:06:32
 Host: ildaboun
test1
 state:  running
 last_alert: 2026-07-24 16:06:32
 Host: ildaboun

==============================
DOCKER SYSTEM STATUS
==============================
Server Version: 29.6.1
Running Containers: 2
Paused Containers: 0
Stopped Containers: 0
==============================

====================================================
[2026-07-24 16:06:37] 	[Containers -a]
====================================================
test2
 state:  running
 last_alert: 2026-07-24 16:06:37
 Host: ildaboun
test1
 state:  running
 last_alert: 2026-07-24 16:06:37
 Host: ildaboun

==============================
DOCKER SYSTEM STATUS
==============================
Server Version: 29.6.1
Running Containers: 2
Paused Containers: 0
Stopped Containers: 0
==============================

====================================================
[2026-07-24 16:06:42] 	[Containers -a]
====================================================
test2
 state:  running
 last_alert: 2026-07-24 16:06:42
 Host: ildaboun
test1
 state:  running
 last_alert: 2026-07-24 16:06:42
 Host: ildaboun

==============================
DOCKER SYSTEM STATUS
==============================
Server Version: 29.6.1
Running Containers: 1
Paused Containers: 0
Stopped Containers: 1
==============================

====================================================
[2026-07-24 16:06:48] 	[Containers -a]
====================================================
test2
 state:  running
 last_alert: 2026-07-24 16:06:47
 Host: ildaboun
test1
 state:  exited
 last_alert: 2026-07-24 16:06:47
 Host: ildaboun

==============================
DOCKER SYSTEM STATUS
==============================
Server Version: 29.6.1
Running Containers: 1
Paused Containers: 0
Stopped Containers: 1
==============================

====================================================
[2026-07-24 16:06:53] 	[Containers -a]
====================================================
test2
 state:  running
 last_alert: 2026-07-24 16:06:53
 Host: ildaboun
test1
 state:  exited
 last_alert: 2026-07-24 16:06:53
 Host: ildaboun

==============================
DOCKER SYSTEM STATUS
==============================
Server Version: 29.6.1
Running Containers: 1
Paused Containers: 0
Stopped Containers: 1
==============================

====================================================
[2026-07-24 16:06:58] 	[Containers -a]
====================================================
test2
 state:  running
 last_alert: 2026-07-24 16:06:58
 Host: ildaboun
test1
 state:  exited
 last_alert: 2026-07-24 16:06:58
 Host: ildaboun

==============================
DOCKER SYSTEM STATUS
==============================
Server Version: 29.6.1
Running Containers: 2
Paused Containers: 0
Stopped Containers: 0
==============================

====================================================
[2026-07-24 16:07:04] 	[Containers -a]
====================================================
test2
 state:  running
 last_alert: 2026-07-24 16:07:03
 Host: ildaboun
test1
 state:  running
 last_alert: 2026-07-24 16:07:03
 Host: ildaboun

==============================
DOCKER SYSTEM STATUS
==============================
Server Version: 29.6.1
Running Containers: 2
Paused Containers: 0
Stopped Containers: 0
==============================

====================================================
[2026-07-24 16:07:09] 	[Containers -a]
====================================================
test2
 state:  running
 last_alert: 2026-07-24 16:07:09
 Host: ildaboun
test1
 state:  running
 last_alert: 2026-07-24 16:07:09
 Host: ildaboun

==============================
DOCKER SYSTEM STATUS
==============================
Server Version: 29.6.1
Running Containers: 2
Paused Containers: 0
Stopped Containers: 0
==============================

====================================================
[2026-07-24 16:07:14] 	[Containers -a]
====================================================
test2
 state:  running
 last_alert: 2026-07-24 16:07:14
 Host: ildaboun
test1
 state:  running
 last_alert: 2026-07-24 16:07:14
 Host: ildaboun

==============================
DOCKER SYSTEM STATUS
==============================
Server Version: 29.6.1
Running Containers: 2
Paused Containers: 0
Stopped Containers: 0
==============================

====================================================
[2026-07-24 16:07:19] 	[Containers -a]
====================================================
test2
 state:  running
 last_alert: 2026-07-24 16:07:19
 Host: ildaboun
test1
 state:  running
 last_alert: 2026-07-24 16:07:19
 Host: ildaboun

==============================
DOCKER SYSTEM STATUS
==============================
Server Version: 29.6.1
Running Containers: 2
Paused Containers: 0
Stopped Containers: 0
==============================

====================================================
[2026-07-24 16:07:25] 	[Containers -a]
====================================================
test2
 state:  running
 last_alert: 2026-07-24 16:07:25
 Host: ildaboun
test1
 state:  running
 last_alert: 2026-07-24 16:07:25
 Host: ildaboun

==============================
DOCKER SYSTEM STATUS
==============================
Server Version: 29.6.1
Running Containers: 2
Paused Containers: 0
Stopped Containers: 0
==============================

====================================================
[2026-07-24 16:07:30] 	[Containers -a]
====================================================
test2
 state:  running
 last_alert: 2026-07-24 16:07:30
 Host: ildaboun
test1
 state:  running
 last_alert: 2026-07-24 16:07:30
 Host: ildaboun

==============================
DOCKER SYSTEM STATUS
==============================
Server Version: 29.6.1
Running Containers: 2
Paused Containers: 0
Stopped Containers: 0
==============================

====================================================
[2026-07-24 16:07:35] 	[Containers -a]
====================================================
test2
 state:  running
 last_alert: 2026-07-24 16:07:35
 Host: ildaboun
test1
 state:  running
 last_alert: 2026-07-24 16:07:35
 Host: ildaboun

==============================
DOCKER SYSTEM STATUS
==============================
Server Version: 29.6.1
Running Containers: 2
Paused Containers: 0
Stopped Containers: 0
==============================

====================================================
[2026-07-24 16:07:40] 	[Containers -a]
====================================================
test2
 state:  running
 last_alert: 2026-07-24 16:07:40
 Host: ildaboun
test1
 state:  running
 last_alert: 2026-07-24 16:07:40
 Host: ildaboun

==============================
DOCKER SYSTEM STATUS
==============================
Server Version: 29.6.1
Running Containers: 2
Paused Containers: 0
Stopped Containers: 0
==============================

====================================================
[2026-07-24 16:07:45] 	[Containers -a]
====================================================
test2
 state:  running
 last_alert: 2026-07-24 16:07:45
 Host: ildaboun
test1
 state:  running
 last_alert: 2026-07-24 16:07:45
 Host: ildaboun

==============================
DOCKER SYSTEM STATUS
==============================
Server Version: 29.6.1
Running Containers: 2
Paused Containers: 0
Stopped Containers: 0
==============================

====================================================
[2026-07-24 16:07:50] 	[Containers -a]
====================================================
test2
 state:  running
 last_alert: 2026-07-24 16:07:50
 Host: ildaboun
test1
 state:  running
 last_alert: 2026-07-24 16:07:50
 Host: ildaboun

==============================
DOCKER SYSTEM STATUS
==============================
Server Version: 29.6.1
Running Containers: 1
Paused Containers: 0
Stopped Containers: 1
==============================

====================================================
[2026-07-24 16:07:56] 	[Containers -a]
====================================================
test2
 state:  running
 last_alert: 2026-07-24 16:07:55
 Host: ildaboun
test1
 state:  exited
 last_alert: 2026-07-24 16:07:55
 Host: ildaboun

==============================
DOCKER SYSTEM STATUS
==============================
Server Version: 29.6.1
Running Containers: 1
Paused Containers: 0
Stopped Containers: 1
==============================

====================================================
[2026-07-24 16:08:01] 	[Containers -a]
====================================================
test2
 state:  running
 last_alert: 2026-07-24 16:08:01
 Host: ildaboun
test1
 state:  exited
 last_alert: 2026-07-24 16:08:01
 Host: ildaboun

==============================
DOCKER SYSTEM STATUS
==============================
Server Version: 29.6.1
Running Containers: 1
Paused Containers: 0
Stopped Containers: 1
==============================

====================================================
[2026-07-24 16:08:06] 	[Containers -a]
====================================================
test2
 state:  running
 last_alert: 2026-07-24 16:08:06
 Host: ildaboun
test1
 state:  exited
 last_alert: 2026-07-24 16:08:06
 Host: ildaboun

==============================
DOCKER SYSTEM STATUS
==============================
Server Version: 29.6.1
Running Containers: 1
Paused Containers: 0
Stopped Containers: 1
==============================

====================================================
[2026-07-24 16:08:11] 	[Containers -a]
====================================================
test2
 state:  running
 last_alert: 2026-07-24 16:08:11
 Host: ildaboun
test1
 state:  exited
 last_alert: 2026-07-24 16:08:11
 Host: ildaboun

========================================
CONTAINER MONITOR STARTED
========================================


==============================
DOCKER SYSTEM STATUS
==============================
Server Version: 29.6.1
Running Containers: 1
Paused Containers: 0
Stopped Containers: 1
==============================

====================================================
[2026-07-24 16:10:27] 	[Containers -a]
====================================================
test2
 state:  running
 last_alert: 2026-07-24 16:10:27
 Host: ildaboun
test1
 state:  exited
 last_alert: 2026-07-24 16:10:27
 Host: ildaboun

==============================
DOCKER SYSTEM STATUS
==============================
Server Version: 29.6.1
Running Containers: 1
Paused Containers: 0
Stopped Containers: 1
==============================

====================================================
[2026-07-24 16:10:32] 	[Containers -a]
====================================================
test2
 state:  running
 last_alert: 2026-07-24 16:10:32
 Host: ildaboun
test1
 state:  exited
 last_alert: 2026-07-24 16:10:32
 Host: ildaboun

========================================
CONTAINER MONITOR STARTED
========================================


==============================
DOCKER SYSTEM STATUS
==============================
Server Version: 29.6.1
Running Containers: 1
Paused Containers: 0
Stopped Containers: 1
==============================

====================================================
[2026-07-24 16:10:38] 	[Containers -a]
====================================================
test2
 state:  running
 last_alert: 2026-07-24 16:10:38
 Host: ildaboun
test1
 state:  exited
 last_alert: 2026-07-24 16:10:38
 Host: ildaboun

==============================
DOCKER SYSTEM STATUS
==============================
Server Version: 29.6.1
Running Containers: 1
Paused Containers: 0
Stopped Containers: 1
==============================

====================================================
[2026-07-24 16:10:43] 	[Containers -a]
====================================================
test2
 state:  running
 last_alert: 2026-07-24 16:10:43
 Host: ildaboun
test1
 state:  exited
 last_alert: 2026-07-24 16:10:43
 Host: ildaboun

==============================
DOCKER SYSTEM STATUS
==============================
Server Version: 29.6.1
Running Containers: 1
Paused Containers: 0
Stopped Containers: 1
==============================

====================================================
[2026-07-24 16:10:48] 	[Containers -a]
====================================================
test2
 state:  running
 last_alert: 2026-07-24 16:10:48
 Host: ildaboun
test1
 state:  exited
 last_alert: 2026-07-24 16:10:48
 Host: ildaboun

==============================
DOCKER SYSTEM STATUS
==============================
Server Version: 29.6.1
Running Containers: 1
Paused Containers: 0
Stopped Containers: 1
==============================

====================================================
[2026-07-24 16:10:53] 	[Containers -a]
====================================================
test2
 state:  running
 last_alert: 2026-07-24 16:10:53
 Host: ildaboun
test1
 state:  exited
 last_alert: 2026-07-24 16:10:53
 Host: ildaboun

==============================
DOCKER SYSTEM STATUS
==============================
Server Version: 29.6.1
Running Containers: 1
Paused Containers: 0
Stopped Containers: 1
==============================

====================================================
[2026-07-24 16:10:58] 	[Containers -a]
====================================================
test2
 state:  running
 last_alert: 2026-07-24 16:10:58
 Host: ildaboun
test1
 state:  exited
 last_alert: 2026-07-24 16:10:58
 Host: ildaboun

==============================
DOCKER SYSTEM STATUS
==============================
Server Version: 29.6.1
Running Containers: 1
Paused Containers: 0
Stopped Containers: 1
==============================

====================================================
[2026-07-24 16:11:04] 	[Containers -a]
====================================================
test2
 state:  running
 last_alert: 2026-07-24 16:11:04
 Host: ildaboun
test1
 state:  exited
 last_alert: 2026-07-24 16:11:04
 Host: ildaboun

========================================
CONTAINER MONITOR STARTED
========================================


==============================
DOCKER SYSTEM STATUS
==============================
Server Version: 29.6.1
Running Containers: 1
Paused Containers: 0
Stopped Containers: 1
==============================

====================================================
[2026-07-24 16:11:07] 	[Containers -a]
====================================================
test2
 state:  running
 last_alert: 2026-07-24 16:11:07
 Host: ildaboun
test1
 state:  exited
 last_alert: 2026-07-24 16:11:07
 Host: ildaboun

==============================
DOCKER SYSTEM STATUS
==============================
Server Version: 29.6.1
Running Containers: 1
Paused Containers: 0
Stopped Containers: 1
==============================

====================================================
[2026-07-24 16:11:13] 	[Containers -a]
====================================================
test2
 state:  running
 last_alert: 2026-07-24 16:11:13
 Host: ildaboun
test1
 state:  exited
 last_alert: 2026-07-24 16:11:13
 Host: ildaboun

==============================
DOCKER SYSTEM STATUS
==============================
Server Version: 29.6.1
Running Containers: 1
Paused Containers: 0
Stopped Containers: 1
==============================

====================================================
[2026-07-24 16:11:18] 	[Containers -a]
====================================================
test2
 state:  running
 last_alert: 2026-07-24 16:11:18
 Host: ildaboun
test1
 state:  exited
 last_alert: 2026-07-24 16:11:18
 Host: ildaboun

==============================
DOCKER SYSTEM STATUS
==============================
Server Version: 29.6.1
Running Containers: 1
Paused Containers: 0
Stopped Containers: 1
==============================

====================================================
[2026-07-24 16:11:23] 	[Containers -a]
====================================================
test2
 state:  running
 last_alert: 2026-07-24 16:11:23
 Host: ildaboun
test1
 state:  exited
 last_alert: 2026-07-24 16:11:23
 Host: ildaboun

==============================
DOCKER SYSTEM STATUS
==============================
Server Version: 29.6.1
Running Containers: 1
Paused Containers: 0
Stopped Containers: 1
==============================

====================================================
[2026-07-24 16:11:28] 	[Containers -a]
====================================================
test2
 state:  running
 last_alert: 2026-07-24 16:11:28
 Host: ildaboun
test1
 state:  exited
 last_alert: 2026-07-24 16:11:28
 Host: ildaboun

==============================
DOCKER SYSTEM STATUS
==============================
Server Version: 29.6.1
Running Containers: 1
Paused Containers: 0
Stopped Containers: 1
==============================

====================================================
[2026-07-24 16:11:33] 	[Containers -a]
====================================================
test2
 state:  running
 last_alert: 2026-07-24 16:11:33
 Host: ildaboun
test1
 state:  exited
 last_alert: 2026-07-24 16:11:33
 Host: ildaboun

==============================
DOCKER SYSTEM STATUS
==============================
Server Version: 29.6.1
Running Containers: 1
Paused Containers: 0
Stopped Containers: 1
==============================

====================================================
[2026-07-24 16:11:38] 	[Containers -a]
====================================================
test2
 state:  running
 last_alert: 2026-07-24 16:11:38
 Host: ildaboun
test1
 state:  exited
 last_alert: 2026-07-24 16:11:38
 Host: ildaboun

==============================
DOCKER SYSTEM STATUS
==============================
Server Version: 29.6.1
Running Containers: 1
Paused Containers: 0
Stopped Containers: 1
==============================

====================================================
[2026-07-24 16:11:43] 	[Containers -a]
====================================================
test2
 state:  running
 last_alert: 2026-07-24 16:11:43
 Host: ildaboun
test1
 state:  exited
 last_alert: 2026-07-24 16:11:43
 Host: ildaboun

==============================
DOCKER SYSTEM STATUS
==============================
Server Version: 29.6.1
Running Containers: 1
Paused Containers: 0
Stopped Containers: 1
==============================

====================================================
[2026-07-24 16:11:48] 	[Containers -a]
====================================================
test2
 state:  running
 last_alert: 2026-07-24 16:11:48
 Host: ildaboun
test1
 state:  exited
 last_alert: 2026-07-24 16:11:48
 Host: ildaboun

========================================
CONTAINER MONITOR STARTED
========================================


==============================
DOCKER SYSTEM STATUS
==============================
Server Version: 29.6.1
Running Containers: 1
Paused Containers: 0
Stopped Containers: 1
==============================

====================================================
[2026-07-24 16:11:56] 	[Containers -a]
====================================================
test2
 state:  running
 last_alert: 2026-07-24 16:11:55
 Host: ildaboun
test1
 state:  exited
 last_alert: 2026-07-24 16:11:55
 Host: ildaboun

==============================
DOCKER SYSTEM STATUS
==============================
Server Version: 29.6.1
Running Containers: 1
Paused Containers: 0
Stopped Containers: 1
==============================

====================================================
[2026-07-24 16:12:01] 	[Containers -a]
====================================================
test2
 state:  running
 last_alert: 2026-07-24 16:12:01
 Host: ildaboun
test1
 state:  exited
 last_alert: 2026-07-24 16:12:01
 Host: ildaboun

==============================
DOCKER SYSTEM STATUS
==============================
Server Version: 29.6.1
Running Containers: 1
Paused Containers: 0
Stopped Containers: 1
==============================

====================================================
[2026-07-24 16:12:06] 	[Containers -a]
====================================================
test2
 state:  running
 last_alert: 2026-07-24 16:12:06
 Host: ildaboun
test1
 state:  exited
 last_alert: 2026-07-24 16:12:06
 Host: ildaboun

==============================
DOCKER SYSTEM STATUS
==============================
Server Version: 29.6.1
Running Containers: 1
Paused Containers: 0
Stopped Containers: 1
==============================

====================================================
[2026-07-24 16:12:11] 	[Containers -a]
====================================================
test2
 state:  running
 last_alert: 2026-07-24 16:12:11
 Host: ildaboun
test1
 state:  exited
 last_alert: 2026-07-24 16:12:11
 Host: ildaboun

==============================
DOCKER SYSTEM STATUS
==============================
Server Version: 29.6.1
Running Containers: 1
Paused Containers: 0
Stopped Containers: 1
==============================

====================================================
[2026-07-24 16:12:16] 	[Containers -a]
====================================================
test2
 state:  running
 last_alert: 2026-07-24 16:12:16
 Host: ildaboun
test1
 state:  exited
 last_alert: 2026-07-24 16:12:16
 Host: ildaboun

==============================
DOCKER SYSTEM STATUS
==============================
Server Version: 29.6.1
Running Containers: 1
Paused Containers: 0
Stopped Containers: 1
==============================

====================================================
[2026-07-24 16:12:21] 	[Containers -a]
====================================================
test2
 state:  running
 last_alert: 2026-07-24 16:12:21
 Host: ildaboun
test1
 state:  exited
 last_alert: 2026-07-24 16:12:21
 Host: ildaboun

==============================
DOCKER SYSTEM STATUS
==============================
Server Version: 29.6.1
Running Containers: 1
Paused Containers: 0
Stopped Containers: 1
==============================

====================================================
[2026-07-24 16:12:26] 	[Containers -a]
====================================================
test2
 state:  running
 last_alert: 2026-07-24 16:12:26
 Host: ildaboun
test1
 state:  exited
 last_alert: 2026-07-24 16:12:26
 Host: ildaboun

==============================
DOCKER SYSTEM STATUS
==============================
Server Version: 29.6.1
Running Containers: 1
Paused Containers: 0
Stopped Containers: 1
==============================

====================================================
[2026-07-24 16:12:31] 	[Containers -a]
====================================================
test2
 state:  running
 last_alert: 2026-07-24 16:12:31
 Host: ildaboun
test1
 state:  exited
 last_alert: 2026-07-24 16:12:31
 Host: ildaboun

==============================
DOCKER SYSTEM STATUS
==============================
Server Version: 29.6.1
Running Containers: 1
Paused Containers: 0
Stopped Containers: 1
==============================

====================================================
[2026-07-24 16:12:36] 	[Containers -a]
====================================================
test2
 state:  running
 last_alert: 2026-07-24 16:12:36
 Host: ildaboun
test1
 state:  exited
 last_alert: 2026-07-24 16:12:36
 Host: ildaboun

==============================
DOCKER SYSTEM STATUS
==============================
Server Version: 29.6.1
Running Containers: 1
Paused Containers: 0
Stopped Containers: 1
==============================

====================================================
[2026-07-24 16:12:42] 	[Containers -a]
====================================================
test2
 state:  running
 last_alert: 2026-07-24 16:12:42
 Host: ildaboun
test1
 state:  exited
 last_alert: 2026-07-24 16:12:42
 Host: ildaboun

==============================
DOCKER SYSTEM STATUS
==============================
Server Version: 29.6.1
Running Containers: 1
Paused Containers: 0
Stopped Containers: 1
==============================

====================================================
[2026-07-24 16:12:47] 	[Containers -a]
====================================================
test2
 state:  running
 last_alert: 2026-07-24 16:12:47
 Host: ildaboun
test1
 state:  exited
 last_alert: 2026-07-24 16:12:47
 Host: ildaboun

==============================
DOCKER SYSTEM STATUS
==============================
Server Version: 29.6.1
Running Containers: 1
Paused Containers: 0
Stopped Containers: 1
==============================

====================================================
[2026-07-24 16:12:52] 	[Containers -a]
====================================================
test2
 state:  running
 last_alert: 2026-07-24 16:12:52
 Host: ildaboun
test1
 state:  exited
 last_alert: 2026-07-24 16:12:52
 Host: ildaboun

==============================
DOCKER SYSTEM STATUS
==============================
Server Version: 29.6.1
Running Containers: 1
Paused Containers: 0
Stopped Containers: 1
==============================

====================================================
[2026-07-24 16:12:57] 	[Containers -a]
====================================================
test2
 state:  running
 last_alert: 2026-07-24 16:12:57
 Host: ildaboun
test1
 state:  exited
 last_alert: 2026-07-24 16:12:57
 Host: ildaboun

==============================
DOCKER SYSTEM STATUS
==============================
Server Version: 29.6.1
Running Containers: 1
Paused Containers: 0
Stopped Containers: 1
==============================

====================================================
[2026-07-24 16:13:02] 	[Containers -a]
====================================================
test2
 state:  running
 last_alert: 2026-07-24 16:13:02
 Host: ildaboun
test1
 state:  exited
 last_alert: 2026-07-24 16:13:02
 Host: ildaboun

========================================
CONTAINER MONITOR STARTED
========================================


==============================
DOCKER SYSTEM STATUS
==============================
Server Version: 29.6.1
Running Containers: 1
Paused Containers: 0
Stopped Containers: 1
==============================

====================================================
[2026-07-24 16:13:09] 	[Containers -a]
====================================================
test2
 state:  running
 last_alert: 2026-07-24 16:13:09
 Host: ildaboun
test1
 state:  exited
 last_alert: 2026-07-24 16:13:09
 Host: ildaboun

========================================
CONTAINER MONITOR STARTED
========================================


==============================
DOCKER SYSTEM STATUS
==============================
Server Version: 29.6.1
Running Containers: 1
Paused Containers: 0
Stopped Containers: 1
==============================

====================================================
[2026-07-24 16:14:33] 	[Containers -a]
====================================================
test2
 state:  running
 last_alert: 2026-07-24 16:14:33
 Host: ildaboun
test1
 state:  exited
 last_alert: 2026-07-24 16:14:33
 Host: ildaboun

==============================
DOCKER SYSTEM STATUS
==============================
Server Version: 29.6.1
Running Containers: 1
Paused Containers: 0
Stopped Containers: 1
==============================

====================================================
[2026-07-24 16:14:38] 	[Containers -a]
====================================================
test2
 state:  running
 last_alert: 2026-07-24 16:14:38
 Host: ildaboun
test1
 state:  exited
 last_alert: 2026-07-24 16:14:38
 Host: ildaboun

==============================
DOCKER SYSTEM STATUS
==============================
Server Version: 29.6.1
Running Containers: 2
Paused Containers: 0
Stopped Containers: 0
==============================

====================================================
[2026-07-24 16:14:44] 	[Containers -a]
====================================================
test2
 state:  running
 last_alert: 2026-07-24 16:14:44
 Host: ildaboun
test1
 state:  running
 last_alert: 2026-07-24 16:14:44
 Host: ildaboun

==============================
DOCKER SYSTEM STATUS
==============================
Server Version: 29.6.1
Running Containers: 2
Paused Containers: 0
Stopped Containers: 0
==============================

====================================================
[2026-07-24 16:14:49] 	[Containers -a]
====================================================
test2
 state:  running
 last_alert: 2026-07-24 16:14:49
 Host: ildaboun
test1
 state:  running
 last_alert: 2026-07-24 16:14:49
 Host: ildaboun

==============================
DOCKER SYSTEM STATUS
==============================
Server Version: 29.6.1
Running Containers: 2
Paused Containers: 0
Stopped Containers: 0
==============================

====================================================
[2026-07-24 16:14:54] 	[Containers -a]
====================================================
test2
 state:  running
 last_alert: 2026-07-24 16:14:54
 Host: ildaboun
test1
 state:  running
 last_alert: 2026-07-24 16:14:54
 Host: ildaboun
